19:22:34 **** Build of configuration Debug for project mb_chess ****
make all 
'Building file: ../src/piece_controller/hdmi_piece_controller.c'
'Invoking: MicroBlaze gcc compiler'
mb-gcc -Wall -O0 -g3 -c -fmessage-length=0 -MT"src/piece_controller/hdmi_piece_controller.o" -IC:/Users/Ahmed/Documents/ece385/chess/workspace/chess_top/export/chess_top/sw/chess_top/standalone_microblaze_0/bspinclude/include -mno-xl-reorder -mlittle-endian -mxl-barrel-shift -mxl-pattern-compare -mcpu=v11.0 -mno-xl-soft-mul -Wl,--no-relax -ffunction-sections -fdata-sections -MMD -MP -MF"src/piece_controller/hdmi_piece_controller.d" -MT"src/piece_controller/hdmi_piece_controller.o" -o "src/piece_controller/hdmi_piece_controller.o" "../src/piece_controller/hdmi_piece_controller.c"
In file included from ../src/piece_controller/hdmi_piece_controller.h:6,
                 from ../src/piece_controller/hdmi_piece_controller.c:1:
C:/Users/Ahmed/Documents/ece385/chess/workspace/chess_top/export/chess_top/sw/chess_top/standalone_microblaze_0/bspinclude/include/xparameters.h:627:51: warning: initialization of 'volatile struct PIECE_HDMI_STRUCT *' from 'int' makes pointer from integer without a cast [-Wint-conversion]
  627 | #define XPAR_HDMI_PIECE_CONTROLLER_0_AXI_BASEADDR 0x44A10000
      |                                                   ^~~~~~~~~~
../src/piece_controller/hdmi_piece_controller.h:15:56: note: in expansion of macro 'XPAR_HDMI_PIECE_CONTROLLER_0_AXI_BASEADDR'
   15 | static volatile struct PIECE_HDMI_STRUCT* piece_ctrl = XPAR_HDMI_PIECE_CONTROLLER_0_AXI_BASEADDR;
      |                                                        ^~~~~~~~~~~~~~~~~~~~~~~~~~~~~~~~~~~~~~~~~
'Finished building: ../src/piece_controller/hdmi_piece_controller.c'
' '
'Building file: ../src/lw_usb/HID.c'
'Invoking: MicroBlaze gcc compiler'
mb-gcc -Wall -O0 -g3 -c -fmessage-length=0 -MT"src/lw_usb/HID.o" -IC:/Users/Ahmed/Documents/ece385/chess/workspace/chess_top/export/chess_top/sw/chess_top/standalone_microblaze_0/bspinclude/include -mno-xl-reorder -mlittle-endian -mxl-barrel-shift -mxl-pattern-compare -mcpu=v11.0 -mno-xl-soft-mul -Wl,--no-relax -ffunction-sections -fdata-sections -MMD -MP -MF"src/lw_usb/HID.d" -MT"src/lw_usb/HID.o" -o "src/lw_usb/HID.o" "../src/lw_usb/HID.c"
../src/lw_usb/HID.c:9:1: warning: braces around scalar initializer
    9 | HID_DEVICE hid_device = { { 0 } };
      | ^~~~~~~~~~
../src/lw_usb/HID.c:9:1: note: (near initialization for 'hid_device.addr')
'Finished building: ../src/lw_usb/HID.c'
' '
'Building file: ../src/lw_usb/MAX3421E.c'
'Invoking: MicroBlaze gcc compiler'
mb-gcc -Wall -O0 -g3 -c -fmessage-length=0 -MT"src/lw_usb/MAX3421E.o" -IC:/Users/Ahmed/Documents/ece385/chess/workspace/chess_top/export/chess_top/sw/chess_top/standalone_microblaze_0/bspinclude/include -mno-xl-reorder -mlittle-endian -mxl-barrel-shift -mxl-pattern-compare -mcpu=v11.0 -mno-xl-soft-mul -Wl,--no-relax -ffunction-sections -fdata-sections -MMD -MP -MF"src/lw_usb/MAX3421E.d" -MT"src/lw_usb/MAX3421E.o" -o "src/lw_usb/MAX3421E.o" "../src/lw_usb/MAX3421E.c"
In file included from C:/Users/Ahmed/Documents/ece385/chess/workspace/chess_top/export/chess_top/sw/chess_top/standalone_microblaze_0/bspinclude/include/xspi.h:303,
                 from ../src/lw_usb/MAX3421E.c:14:
../src/lw_usb/MAX3421E.c: In function 'SPI_init':
C:/Users/Ahmed/Documents/ece385/chess/workspace/chess_top/export/chess_top/sw/chess_top/standalone_microblaze_0/bspinclude/include/xstatus.h:44:41: warning: 'return' with a value, in function returning void [-Wreturn-type]
   44 | #define XST_DEVICE_NOT_FOUND            2L
      |                                         ^~
../src/lw_usb/MAX3421E.c:38:24: note: in expansion of macro 'XST_DEVICE_NOT_FOUND'
   38 |                 return XST_DEVICE_NOT_FOUND;
      |                        ^~~~~~~~~~~~~~~~~~~~
../src/lw_usb/MAX3421E.c:32:6: note: declared here
   32 | void SPI_init() {
      |      ^~~~~~~~
In file included from C:/Users/Ahmed/Documents/ece385/chess/workspace/chess_top/export/chess_top/sw/chess_top/standalone_microblaze_0/bspinclude/include/xspi.h:303,
                 from ../src/lw_usb/MAX3421E.c:14:
C:/Users/Ahmed/Documents/ece385/chess/workspace/chess_top/export/chess_top/sw/chess_top/standalone_microblaze_0/bspinclude/include/xstatus.h:43:41: warning: 'return' with a value, in function returning void [-Wreturn-type]
   43 | #define XST_FAILURE                     1L
      |                                         ^~
../src/lw_usb/MAX3421E.c:44:24: note: in expansion of macro 'XST_FAILURE'
   44 |                 return XST_FAILURE;
      |                        ^~~~~~~~~~~
../src/lw_usb/MAX3421E.c:32:6: note: declared here
   32 | void SPI_init() {
      |      ^~~~~~~~
../src/lw_usb/MAX3421E.c: In function 'MAX3421E_Task':
../src/lw_usb/MAX3421E.c:329:46: warning: suggest parentheses around comparison in operand of '&' [-Wparentheses]
  329 |         if (XGpio_DiscreteRead(&Gpio_int, 1) & 0x01 == 0) {
      |                                              ^
../src/lw_usb/MAX3421E.c: In function 'MaxGpxHandler':
../src/lw_usb/MAX3421E.c:365:14: warning: variable 'GPINIRQ' set but not used [-Wunused-but-set-variable]
  365 |         BYTE GPINIRQ;
      |              ^~~~~~~
'Finished building: ../src/lw_usb/MAX3421E.c'
' '
'Building file: ../src/lw_usb/transfer.c'
'Invoking: MicroBlaze gcc compiler'
mb-gcc -Wall -O0 -g3 -c -fmessage-length=0 -MT"src/lw_usb/transfer.o" -IC:/Users/Ahmed/Documents/ece385/chess/workspace/chess_top/export/chess_top/sw/chess_top/standalone_microblaze_0/bspinclude/include -mno-xl-reorder -mlittle-endian -mxl-barrel-shift -mxl-pattern-compare -mcpu=v11.0 -mno-xl-soft-mul -Wl,--no-relax -ffunction-sections -fdata-sections -MMD -MP -MF"src/lw_usb/transfer.d" -MT"src/lw_usb/transfer.o" -o "src/lw_usb/transfer.o" "../src/lw_usb/transfer.c"
../src/lw_usb/transfer.c:13:1: warning: braces around scalar initializer
   13 | EP_RECORD dev0ep = {{ 0 }};         //Endpoint data structure for uninitialized device during enumeration
      | ^~~~~~~~~
../src/lw_usb/transfer.c:13:1: note: (near initialization for 'dev0ep.epAddr')
../src/lw_usb/transfer.c: In function 'XferInTransfer':
../src/lw_usb/transfer.c:199:7: warning: unused variable 'tmpbyte' [-Wunused-variable]
  199 |  BYTE tmpbyte;
      |       ^~~~~~~
../src/lw_usb/transfer.c:198:7: warning: unused variable 'i' [-Wunused-variable]
  198 |  BYTE i;
      |       ^
'Finished building: ../src/lw_usb/transfer.c'
' '
'Building file: ../src/logic/game.c'
'Invoking: MicroBlaze gcc compiler'
mb-gcc -Wall -O0 -g3 -c -fmessage-length=0 -MT"src/logic/game.o" -IC:/Users/Ahmed/Documents/ece385/chess/workspace/chess_top/export/chess_top/sw/chess_top/standalone_microblaze_0/bspinclude/include -mno-xl-reorder -mlittle-endian -mxl-barrel-shift -mxl-pattern-compare -mcpu=v11.0 -mno-xl-soft-mul -Wl,--no-relax -ffunction-sections -fdata-sections -MMD -MP -MF"src/logic/game.d" -MT"src/logic/game.o" -o "src/logic/game.o" "../src/logic/game.c"
In file included from ../src/logic/../piece_controller/hdmi_piece_controller.h:6,
                 from ../src/logic/../input.h:4,
                 from ../src/logic/game.h:4,
                 from ../src/logic/game.c:1:
C:/Users/Ahmed/Documents/ece385/chess/workspace/chess_top/export/chess_top/sw/chess_top/standalone_microblaze_0/bspinclude/include/xparameters.h:627:51: warning: initialization of 'volatile struct PIECE_HDMI_STRUCT *' from 'int' makes pointer from integer without a cast [-Wint-conversion]
  627 | #define XPAR_HDMI_PIECE_CONTROLLER_0_AXI_BASEADDR 0x44A10000
      |                                                   ^~~~~~~~~~
../src/logic/../piece_controller/hdmi_piece_controller.h:15:56: note: in expansion of macro 'XPAR_HDMI_PIECE_CONTROLLER_0_AXI_BASEADDR'
   15 | static volatile struct PIECE_HDMI_STRUCT* piece_ctrl = XPAR_HDMI_PIECE_CONTROLLER_0_AXI_BASEADDR;
      |                                                        ^~~~~~~~~~~~~~~~~~~~~~~~~~~~~~~~~~~~~~~~~
../src/logic/game.c: In function 'printBoard':
../src/logic/game.c:21:25: warning: implicit declaration of function 'xil_printf' [-Wimplicit-function-declaration]
   21 |                         xil_printf("%d ", board[8*i+j]);
      |                         ^~~~~~~~~~
../src/logic/game.c: In function 'findRandomMove':
../src/logic/game.c:1254:29: warning: implicit declaration of function 'rand' [-Wimplicit-function-declaration]
 1254 |         int random_number = rand() % (*end_idx);
      |                             ^~~~
../src/logic/game.c: In function 'promotionAI':
../src/logic/game.c:1273:13: warning: unused variable 'promotion_selection' [-Wunused-variable]
 1273 |         int promotion_selection = (rand() % 4) + 1;
      |             ^~~~~~~~~~~~~~~~~~~
'Finished building: ../src/logic/game.c'
' '
'Building file: ../src/input.c'
'Invoking: MicroBlaze gcc compiler'
mb-gcc -Wall -O0 -g3 -c -fmessage-length=0 -MT"src/input.o" -IC:/Users/Ahmed/Documents/ece385/chess/workspace/chess_top/export/chess_top/sw/chess_top/standalone_microblaze_0/bspinclude/include -mno-xl-reorder -mlittle-endian -mxl-barrel-shift -mxl-pattern-compare -mcpu=v11.0 -mno-xl-soft-mul -Wl,--no-relax -ffunction-sections -fdata-sections -MMD -MP -MF"src/input.d" -MT"src/input.o" -o "src/input.o" "../src/input.c"
In file included from ../src/piece_controller/hdmi_piece_controller.h:6,
                 from ../src/input.h:4,
                 from ../src/input.c:1:
C:/Users/Ahmed/Documents/ece385/chess/workspace/chess_top/export/chess_top/sw/chess_top/standalone_microblaze_0/bspinclude/include/xparameters.h:627:51: warning: initialization of 'volatile struct PIECE_HDMI_STRUCT *' from 'int' makes pointer from integer without a cast [-Wint-conversion]
  627 | #define XPAR_HDMI_PIECE_CONTROLLER_0_AXI_BASEADDR 0x44A10000
      |                                                   ^~~~~~~~~~
../src/piece_controller/hdmi_piece_controller.h:15:56: note: in expansion of macro 'XPAR_HDMI_PIECE_CONTROLLER_0_AXI_BASEADDR'
   15 | static volatile struct PIECE_HDMI_STRUCT* piece_ctrl = XPAR_HDMI_PIECE_CONTROLLER_0_AXI_BASEADDR;
      |                                                        ^~~~~~~~~~~~~~~~~~~~~~~~~~~~~~~~~~~~~~~~~
../src/input.c: In function 'setMove':
../src/input.c:39:13: warning: implicit declaration of function 'xil_printf' [-Wimplicit-function-declaration]
   39 |             xil_printf("First click\n");
      |             ^~~~~~~~~~
'Finished building: ../src/input.c'
' '
'Building file: ../src/lw_usb_main.c'
'Invoking: MicroBlaze gcc compiler'
mb-gcc -Wall -O0 -g3 -c -fmessage-length=0 -MT"src/lw_usb_main.o" -IC:/Users/Ahmed/Documents/ece385/chess/workspace/chess_top/export/chess_top/sw/chess_top/standalone_microblaze_0/bspinclude/include -mno-xl-reorder -mlittle-endian -mxl-barrel-shift -mxl-pattern-compare -mcpu=v11.0 -mno-xl-soft-mul -Wl,--no-relax -ffunction-sections -fdata-sections -MMD -MP -MF"src/lw_usb_main.d" -MT"src/lw_usb_main.o" -o "src/lw_usb_main.o" "../src/lw_usb_main.c"
In file included from ../src/lw_usb_main.c:11:
C:/Users/Ahmed/Documents/ece385/chess/workspace/chess_top/export/chess_top/sw/chess_top/standalone_microblaze_0/bspinclude/include/xparameters.h:627:51: warning: initialization of 'volatile struct PIECE_HDMI_STRUCT *' from 'int' makes pointer from integer without a cast [-Wint-conversion]
  627 | #define XPAR_HDMI_PIECE_CONTROLLER_0_AXI_BASEADDR 0x44A10000
      |                                                   ^~~~~~~~~~
../src/piece_controller/hdmi_piece_controller.h:15:56: note: in expansion of macro 'XPAR_HDMI_PIECE_CONTROLLER_0_AXI_BASEADDR'
   15 | static volatile struct PIECE_HDMI_STRUCT* piece_ctrl = XPAR_HDMI_PIECE_CONTROLLER_0_AXI_BASEADDR;
      |                                                        ^~~~~~~~~~~~~~~~~~~~~~~~~~~~~~~~~~~~~~~~~
In file included from ../src/lw_usb_main.c:14:
../src/piece_controller/hdmi_piece_controller.h:15:43: warning: 'piece_ctrl' defined but not used [-Wunused-variable]
   15 | static volatile struct PIECE_HDMI_STRUCT* piece_ctrl = XPAR_HDMI_PIECE_CONTROLLER_0_AXI_BASEADDR;
      |                                           ^~~~~~~~~~
'Finished building: ../src/lw_usb_main.c'
' '
'Building file: ../src/platform.c'
'Invoking: MicroBlaze gcc compiler'
mb-gcc -Wall -O0 -g3 -c -fmessage-length=0 -MT"src/platform.o" -IC:/Users/Ahmed/Documents/ece385/chess/workspace/chess_top/export/chess_top/sw/chess_top/standalone_microblaze_0/bspinclude/include -mno-xl-reorder -mlittle-endian -mxl-barrel-shift -mxl-pattern-compare -mcpu=v11.0 -mno-xl-soft-mul -Wl,--no-relax -ffunction-sections -fdata-sections -MMD -MP -MF"src/platform.d" -MT"src/platform.o" -o "src/platform.o" "../src/platform.c"
'Finished building: ../src/platform.c'
' '
'Building target: mb_chess.elf'
'Invoking: MicroBlaze gcc linker'
mb-gcc -Wl,-T -Wl,../src/lscript.ld -LC:/Users/Ahmed/Documents/ece385/chess/workspace/chess_top/export/chess_top/sw/chess_top/standalone_microblaze_0/bsplib/lib -mlittle-endian -mxl-barrel-shift -mxl-pattern-compare -mcpu=v11.0 -mno-xl-soft-mul -Wl,--no-relax -Wl,--gc-sections -o "mb_chess.elf"  ./src/piece_controller/hdmi_piece_controller.o  ./src/lw_usb/HID.o ./src/lw_usb/MAX3421E.o ./src/lw_usb/transfer.o  ./src/logic/game.o  ./src/input.o ./src/lw_usb_main.o ./src/platform.o   -Wl,--start-group,-lxil,-lgcc,-lc,--end-group
'Finished building target: mb_chess.elf'
' '
'Invoking: MicroBlaze Print Size'
mb-size mb_chess.elf  |tee "mb_chess.elf.size"
   text	   data	    bss	    dec	    hex	filename
  53672	   1636	   9892	  65200	   feb0	mb_chess.elf
'Finished building: mb_chess.elf.size'
' '

19:22:35 Build Finished (took 1s.411ms)

